---
source: aoc2024_11/rust/src/main.rs
assertion_line: 253
expression: board
snapshot_kind: text
---
....#.....
.........#
..........
..#.......
.......#..
....^.....
.#........
........#.
#.........
......#...
