---
source: aoc2024_11/rust/src/main.rs
assertion_line: 304
expression: board
snapshot_kind: text
---
....#.....
.........#
..........
..#.......
.......#..
..........
.#..v#....
........#.
#.........
......#...
