---
source: aoc2024_4/rust/src/main.rs
assertion_line: 48
expression: input
snapshot_kind: text
---
[
    [
        7,
        6,
        4,
        2,
        1,
    ],
    [
        1,
        2,
        7,
        8,
        9,
    ],
    [
        9,
        7,
        6,
        2,
        1,
    ],
    [
        1,
        3,
        2,
        4,
        5,
    ],
    [
        8,
        6,
        4,
        4,
        1,
    ],
    [
        1,
        3,
        6,
        7,
        9,
    ],
]
