---
source: aoc2024_14/rust/src/main.rs
assertion_line: 82
expression: input(bytes.as_slice()).unwrap()
snapshot_kind: text
---
[
    (
        190,
        [
            10,
            19,
        ],
    ),
    (
        3267,
        [
            81,
            40,
            27,
        ],
    ),
    (
        83,
        [
            17,
            5,
        ],
    ),
    (
        156,
        [
            15,
            6,
        ],
    ),
    (
        7290,
        [
            6,
            8,
            6,
            15,
        ],
    ),
    (
        161011,
        [
            16,
            10,
            13,
        ],
    ),
    (
        192,
        [
            17,
            8,
            14,
        ],
    ),
    (
        21037,
        [
            9,
            7,
            18,
            13,
        ],
    ),
    (
        292,
        [
            11,
            6,
            16,
            20,
        ],
    ),
]
