---
source: aoc2024_1/rust/src/main.rs
assertion_line: 37
expression: input
snapshot_kind: text
---
[
    (
        3,
        4,
    ),
    (
        4,
        3,
    ),
    (
        2,
        5,
    ),
    (
        1,
        3,
    ),
    (
        3,
        9,
    ),
    (
        3,
        3,
    ),
]
