---
source: aoc2024_12/rust/src/main.rs
assertion_line: 250
expression: board
snapshot_kind: text
---
....#.....
.........#
..........
..#.......
.......#..
..........
.#..^.....
........#.
#.........
......#...
